\BOOKMARK [0][-]{chapter*.1}{\376\377\004\045\004\103\004\100\004\060\004\060\004\075\004\063\004\103\004\071}{}% 1
\BOOKMARK [0][-]{chapter*.2}{\376\377\000A\000b\000s\000t\000r\000a\000c\000t}{}% 2
\BOOKMARK [0][-]{chapter.1}{\376\377\004\042\004\350\004\041\004\033\004\030\004\031\004\035\000\040\004\042\004\020\004\035\004\030\004\033\004\046\004\043\004\043\004\033\004\023\004\020}{}% 3
\BOOKMARK [1][-]{section.1.1}{\376\377\004\042\004\351\004\101\004\073\004\070\004\071\004\075\000\040\004\101\004\103\004\103\004\100\004\114\000\040\004\257\004\067\004\257\004\257\004\073\004\115\004\073\004\102\004\257\004\257\004\064}{chapter.1}% 4
\BOOKMARK [1][-]{section.1.2}{\376\377\004\042\004\351\004\101\004\351\004\073\000\040\004\105\004\115\004\100\004\115\004\063\004\066\004\257\004\257\004\073\004\115\004\063\004\107\004\070\004\071\004\075\000\040\004\102\004\103\004\105\004\060\004\071}{chapter.1}% 5
\BOOKMARK [1][-]{section.1.3}{\376\377\004\042\004\351\004\101\004\073\004\070\004\071\004\075\000\040\004\102\004\103\004\105\004\060\004\071}{chapter.1}% 6
\BOOKMARK [2][-]{subsection.1.3.1}{\376\377\004\042\004\351\004\101\004\073\004\070\004\071\004\075\000\040\004\061\004\257\004\102\004\115\004\115\004\063\004\064\004\115\004\105\004\257\004\257\004\075\004\070\004\071\000\040\004\102\004\060\004\075\004\070\004\073\004\106\004\103\004\103\004\073\004\063\004\060}{section.1.3}% 7
\BOOKMARK [2][-]{subsection.1.3.2}{\376\377\004\042\004\351\004\101\004\073\004\070\004\071\004\075\000\040\004\102\004\060\004\075\004\070\004\073\004\106\004\103\004\103\004\073\004\063\004\060}{section.1.3}% 8
\BOOKMARK [1][-]{section.1.4}{\376\377\004\042\004\351\004\101\004\073\004\070\004\071\004\075\000\040\004\257\004\075\004\064\004\101\004\115\004\075\000\040\004\067\004\076\004\100\004\070\004\073\004\063\004\076\000,\000\040\004\067\004\076\004\100\004\070\004\073\004\102\004\103\004\103\004\064}{chapter.1}% 9
\BOOKMARK [2][-]{subsection.1.4.1}{\376\377\004\042\004\351\004\101\004\073\004\070\004\071\004\075\000\040\004\067\004\076\004\100\004\070\004\073\004\063\004\076\000,\000\040\004\067\004\076\004\100\004\070\004\073\004\102\004\103\004\103\004\064}{section.1.4}% 10
\BOOKMARK [2][-]{subsection.1.4.2}{\376\377\004\042\004\351\004\101\004\073\004\070\004\071\004\075\000\040\004\060\004\107\000\040\004\105\004\076\004\073\004\061\004\076\004\063\004\064\004\076\004\073}{section.1.4}% 11
\BOOKMARK [0][-]{chapter.2}{\376\377\004\035\004\350\004\045\004\046\004\350\004\033\000\040\004\021\004\020\004\031\004\024\004\033\004\053\004\035\000\040\004\050\004\030\004\035\004\026\004\030\004\033\004\023\004\055\004\055}{}% 12
\BOOKMARK [1][-]{section.2.1}{\376\377\004\034\004\060\004\072\004\100\004\076\000\040\004\076\004\100\004\107\004\075\004\113\000\040\004\110\004\070\004\075\004\066\004\070\004\073\004\063\004\115\004\115}{chapter.2}% 13
\BOOKMARK [2][-]{subsection.2.1.1}{\376\377\004\043\004\073\004\101\000\040\004\102\004\351\004\100\004\070\004\071\004\075\000\040\004\075\004\351\004\105\004\106\004\351\004\073\000\040\004\061\004\060\004\071\004\064\004\060\004\073\000,\000\040\004\105\004\103\004\103\004\073\004\114\000\040\004\115\004\100\004\105\004\067\004\257\004\071\004\075\000\040\004\067\004\076\004\105\004\070\004\106\004\103\004\103\004\073\004\060\004\073\004\102}{section.2.1}% 14
\BOOKMARK [2][-]{subsection.2.1.2}{\376\377\004\045\004\257\004\075\000\040\004\060\004\074\000\040\004\067\004\257\004\071\000,\000\040\004\075\004\070\004\071\004\063\004\115\004\074\000\040\004\101\004\076\004\121\004\073\004\113\004\075\000\040\004\105\004\257\004\107\004\070\004\075\000\040\004\067\004\257\004\071\004\073}{section.2.1}% 15
\BOOKMARK [2][-]{subsection.2.1.3}{\376\377\004\055\004\064\004\070\004\071\004\075\000\040\004\067\004\060\004\101\004\063\004\070\004\071\004\075\000\040\004\105\004\257\004\107\004\070\004\075\000\040\004\067\004\257\004\071\004\073}{section.2.1}% 16
\BOOKMARK [1][-]{section.2.2}{\376\377\004\034\004\070\004\072\004\100\004\076\000\040\004\076\004\100\004\107\004\075\004\113\000\040\004\110\004\070\004\075\004\066\004\070\004\073\004\063\004\115\004\115}{chapter.2}% 17
\BOOKMARK [2][-]{subsection.2.2.1}{\376\377\004\350\004\100\004\101\004\351\004\073\004\064\004\351\004\063\004\107\004\070\004\071\004\075\000\040\004\110\004\070\004\075\004\066\004\070\004\073\004\063\004\115\004\115}{section.2.2}% 18
\BOOKMARK [2][-]{subsection.2.2.2}{\376\377\004\045\004\115\004\100\004\115\004\063\004\073\004\115\004\063\004\107\000,\000\040\004\067\004\060\004\105\000\040\004\067\004\115\004\115\004\073\004\070\004\071\004\075\000\040\004\110\004\070\004\075\004\066\004\070\004\073\004\063\004\115\004\115}{section.2.2}% 19
\BOOKMARK [2][-]{subsection.2.2.3}{\376\377\000S\000W\000O\000T\000\040\004\110\004\070\004\075\004\066\004\070\004\073\004\063\004\115\004\115}{section.2.2}% 20
\BOOKMARK [0][-]{chapter.3}{\376\377\004\034\004\020\004\040\004\032\004\025\004\042\004\030\004\035\004\023\004\030\004\031\004\035\000\040\004\042\004\350\004\033\004\350\004\022\004\033\004\350\004\023\004\350\004\350}{}% 21
\BOOKMARK [1][-]{section.3.1}{\376\377\004\034\004\060\004\100\004\072\004\065\004\102\004\070\004\075\004\063\004\070\004\071\004\075\000\040\004\067\004\076\004\100\004\070\004\073\004\063\004\076\000,\000\040\004\067\004\076\004\100\004\070\004\073\004\102\004\076\004\102\000\040\004\067\004\060\004\105\000\040\004\067\004\115\004\115\004\073}{chapter.3}% 22
\BOOKMARK [1][-]{section.3.2}{\376\377\004\034\004\060\004\100\004\072\004\065\004\102\004\070\004\075\004\063\004\070\004\071\004\075\000\040\004\105\004\076\004\073\004\114\004\106\000\040\004\061\004\103\004\116\004\103\000\040\0004\000P\000-\004\070\004\071\004\075\000\040\004\110\004\070\004\075\004\066\004\070\004\073\004\063\004\115\004\115}{chapter.3}% 23
\BOOKMARK [2][-]{subsection.3.2.1}{\376\377\000P\000r\000o\000d\000u\000c\000t\000\040\004\061\004\103\004\116\004\103\000\040\004\021\004\257\004\102\004\115\004\115\004\063\004\064\004\115\004\105\004\257\004\257\004\075}{section.3.2}% 24
\BOOKMARK [2][-]{subsection.3.2.2}{\376\377\000P\000r\000i\000c\000e\000\040\004\061\004\103\004\116\004\103\000\040\004\256\004\075\004\070\004\071\004\075\000\040\004\061\004\076\004\064\004\073\004\076\004\063\004\076}{section.3.2}% 25
\BOOKMARK [2][-]{subsection.3.2.3}{\376\377\000P\000l\000a\000c\000e\000\040\004\061\004\103\004\116\004\103\000\040\004\045\004\103\004\062\004\060\004\060\004\100\004\070\004\073\004\060\004\073\004\102\004\113\004\075\000\040\004\101\004\103\004\062\004\060\004\063}{section.3.2}% 26
\BOOKMARK [2][-]{subsection.3.2.4}{\376\377\000P\000r\000o\000m\000o\000t\000i\000o\000n\000\040\004\061\004\103\004\116\004\103\000\040\004\043\004\100\004\060\004\074\004\110\004\103\004\103\004\073\004\060\004\073\000,\000\040\004\070\004\064\004\115\004\062\004\105\004\066\004\257\004\257\004\073\004\115\004\073\004\102}{section.3.2}% 27
\BOOKMARK [1][-]{section.3.3}{\376\377\004\021\004\076\004\100\004\073\004\103\004\103\004\073\004\060\004\073\004\102\004\113\004\075\000\040\004\105\004\257\004\073\004\115\004\115\004\063\004\064\004\115\004\066\000\040\004\061\004\103\004\071\000\040\004\257\004\100\000\040\004\064\004\257\004\075}{chapter.3}% 28
\BOOKMARK [0][-]{chapter.4}{\376\377\004\043\004\024\004\030\004\040\004\024\004\033\004\020\004\023\004\020\000,\000\040\004\027\004\036\004\045\004\030\004\036\004\035\000\040\004\021\004\020\004\031\004\023\004\043\004\043\004\033\004\020\004\033\004\042\000,\000\040\004\045\004\256\004\035\004\030\004\031\000\040\004\035\004\350\004\350\004\046\004\030\004\031\004\035\000\040\004\042\004\350\004\033\004\350\004\022\004\033\004\350\004\023\004\350\004\350}{}% 29
\BOOKMARK [1][-]{section.4.1}{\376\377\004\043\004\064\004\070\004\100\004\064\004\073\004\060\004\063\004\060\000,\000\040\004\067\004\076\004\105\004\070\004\076\004\075\000\040\004\061\004\060\004\071\004\063\004\103\004\103\004\073\004\060\004\073\004\102\004\113\004\075\000\040\004\061\004\257\004\102\004\115\004\106}{chapter.4}% 30
\BOOKMARK [1][-]{section.4.2}{\376\377\004\032\004\076\004\074\004\077\004\060\004\075\004\070\004\071\004\075\000\040\004\060\004\066\004\070\004\073\004\073\004\060\004\105\000\040\004\105\004\257\004\107\004\075\004\070\004\071\000\040\004\102\004\076\004\076\004\106\004\076\004\076}{chapter.4}% 31
\BOOKMARK [1][-]{section.4.3}{\376\377\004\046\004\060\004\073\004\070\004\075\004\063\004\070\004\071\004\075\000\040\004\067\004\060\004\100\004\064\004\073\004\113\004\075\000\040\004\102\004\351\004\073\004\351\004\062\004\073\004\351\004\063\004\351\004\351}{chapter.4}% 32
\BOOKMARK [0][-]{chapter.5}{\376\377\004\041\004\030\004\041\004\042\004\025\004\034\004\030\004\031\004\035\000\040\004\027\004\020\004\023\004\022\004\020\004\040}{}% 33
\BOOKMARK [1][-]{section.5.1}{\376\377\004\041\004\070\004\101\004\102\004\065\004\074\004\070\004\071\004\075\000\040\004\257\004\071\004\073\000\040\004\060\004\066\004\070\004\073\004\073\004\060\004\063\004\060\004\060\004\075\004\113\000\040\004\103\004\100\004\101\004\063\004\060\004\073}{chapter.5}% 34
\BOOKMARK [1][-]{section.5.2}{\376\377\004\042\004\065\004\105\004\075\004\076\004\073\004\076\004\063\004\070\004\071\004\075\000\040\004\060\004\100\004\105\004\070\004\102\004\065\004\072\004\102\004\103\004\100}{chapter.5}% 35
\BOOKMARK [1][-]{section.5.3}{\376\377\004\350\004\063\004\351\004\063\004\064\004\073\004\070\004\071\004\075\000\040\004\101\004\060\004\075\004\063\004\070\004\071\004\075\000\040\004\067\004\060\004\063\004\062\004\060\004\100}{chapter.5}% 36
\BOOKMARK [1][-]{section.5.4}{\376\377\000R\000E\000S\000T\000\040\000A\000P\000I\000-\004\070\004\071\004\075\000\040\004\102\004\076\004\064\004\076\004\100\004\105\004\076\004\071\004\073\004\076\004\073\004\102}{chapter.5}% 37
\BOOKMARK [1][-]{section.5.5}{\376\377\004\020\004\116\004\103\004\073\004\063\004\257\004\071\000\040\004\061\004\060\004\071\004\064\004\073\004\113\004\075\000\040\004\067\004\060\004\063\004\062\004\060\004\100}{chapter.5}% 38
\BOOKMARK [1][-]{section.5.6}{\376\377\004\045\004\351\004\063\004\066\004\257\004\257\004\073\004\115\004\073\004\102\004\070\004\071\004\075\000\040\004\102\004\351\004\073\004\351\004\062\004\073\004\351\004\063\004\351\004\351}{chapter.5}% 39
\BOOKMARK [1][-]{section.5.7}{\376\377\004\042\004\103\004\100\004\110\004\070\004\073\004\102\004\113\004\075\000\040\004\102\004\351\004\073\004\351\004\062\004\073\004\351\004\063\004\351\004\351}{chapter.5}% 40
\BOOKMARK [0][-]{chapter.6}{\376\377\004\041\004\020\004\035\004\045\004\256\004\256\004\023\004\030\004\031\004\035\000\040\004\042\004\350\004\033\004\350\004\022\004\033\004\350\004\023\004\350\004\350}{}% 41
\BOOKMARK [1][-]{section.6.1}{\376\377\004\256\004\071\004\073\004\064\004\062\004\115\004\100\004\073\004\115\004\073\004\070\004\071\004\075\000\040\004\067\004\060\004\100\004\064\004\073\004\113\004\075\000\040\004\102\004\076\004\076\004\106\004\076\004\076}{chapter.6}% 42
\BOOKMARK [1][-]{section.6.2}{\376\377\004\256\004\071\004\073\004\064\004\062\004\115\004\100\004\073\004\115\004\073\004\070\004\071\004\075\000\040\004\076\004\100\004\073\004\076\004\063\004\113\004\075\000\040\004\102\004\076\004\076\004\106\004\076\004\076\000\040\000\050\004\021\004\076\004\100\004\073\004\103\004\103\004\073\004\060\004\073\004\102\004\113\004\075\000\040\004\102\004\351\004\073\004\351\004\062\004\073\004\351\004\063\004\351\004\351\000\051}{chapter.6}% 43
\BOOKMARK [1][-]{section.6.3}{\376\377\004\036\004\100\004\073\004\076\004\063\004\076\000,\000\040\004\067\004\060\004\100\004\064\004\073\004\113\004\075\000\040\004\075\004\115\004\063\004\064\004\101\004\115\004\075\000\040\004\102\004\076\004\076\004\106\004\076\004\076\004\073\004\076\004\073}{chapter.6}% 44
\BOOKMARK [1][-]{section.6.4}{\376\377\004\045\004\351\004\100\004\351\004\075\004\063\004\351\000\040\004\076\004\100\004\103\004\103\004\073\004\060\004\073\004\102\004\113\004\075\000\040\004\102\004\076\004\076\004\106\004\076\004\076}{chapter.6}% 45
\BOOKMARK [1][-]{section.6.5}{\376\377\004\045\004\351\004\100\004\351\004\075\004\063\004\351\000\040\004\076\004\100\004\103\004\103\004\073\004\060\004\073\004\102\004\113\004\075\000\040\004\257\004\100\000\040\004\060\004\110\004\070\004\063}{chapter.6}% 46
\BOOKMARK [2][-]{subsection.6.5.1}{\376\377\004\045\004\351\004\100\004\351\004\075\004\063\004\351\000\040\004\076\004\100\004\103\004\103\004\073\004\060\004\073\004\102\004\113\004\075\000\040\004\351\004\063\004\351\004\351\004\066\000\040\000\050\000R\000O\000I\000\051}{section.6.5}% 47
\BOOKMARK [2][-]{subsection.6.5.2}{\376\377\004\045\004\351\004\100\004\351\004\075\004\063\004\351\000\040\004\076\004\100\004\103\004\103\004\073\004\060\004\073\004\102\004\113\004\063\000\040\004\075\004\351\004\105\004\351\004\105\000\040\004\105\004\103\004\063\004\060\004\106\004\060\004\060}{section.6.5}% 48
\BOOKMARK [1][-]{section.6.6}{\376\377\004\027\004\115\004\115\004\073\004\070\004\071\004\075\000\040\004\115\004\100\004\063\004\115\004\075\000\040\004\102\004\351\004\073\004\351\004\073\004\102\004\070\004\071\004\075\000\040\004\102\004\076\004\076\004\106\004\076\004\076}{chapter.6}% 49
\BOOKMARK [0][-]{chapter.7}{\376\377\004\042\004\350\004\041\004\033\004\030\004\031\004\035\000\040\004\024\004\256\004\023\004\035\004\055\004\033\004\042}{}% 50
\BOOKMARK [1][-]{section.7.1}{\376\377\004\042\004\351\004\101\004\351\004\073\000\040\004\105\004\115\004\100\004\115\004\063\004\066\004\070\004\105\000\040\004\103\004\100\004\114\004\064\004\107\004\070\004\073\004\101\004\060\004\075\000\040\004\075\004\351\004\105\004\106\004\351\004\073\000,\000\040\004\105\004\257\004\073\004\115\004\115\004\105\000\040\004\257\004\257\004\100\004\115\004\063}{chapter.7}% 51
\BOOKMARK [1][-]{section.7.2}{\376\377\004\042\004\351\004\101\004\073\004\070\004\071\004\075\000\040\004\105\004\115\004\100\004\115\004\063\004\066\004\070\004\073\004\102\004\115\004\115\004\101\000\040\004\063\004\060\004\100\004\060\004\105\000\040\004\257\004\100\000\040\004\064\004\257\004\075}{chapter.7}% 52
\BOOKMARK [1][-]{section.7.3}{\376\377\004\042\004\351\004\101\004\073\004\070\004\071\004\063\000\040\004\105\004\115\004\100\004\115\004\063\004\066\004\257\004\257\004\073\004\101\004\075\004\115\004\115\004\100\000\040\004\063\004\060\004\100\004\060\004\105\000\040\004\257\004\100\000\040\004\064\004\257\004\075}{chapter.7}% 53
\BOOKMARK [1][-]{section.7.4}{\376\377\004\042\004\351\004\101\004\073\004\070\004\071\004\063\000\040\004\105\004\115\004\100\004\115\004\063\004\066\004\257\004\257\004\073\004\101\004\075\004\115\004\115\004\100\000\040\004\063\004\060\004\100\004\107\000\040\004\061\004\076\004\073\004\076\004\105\000\040\004\115\004\100\004\101\004\064\004\073\004\115\004\115\004\101\000\040\004\105\004\060\004\074\004\063\004\060\004\060\004\073\004\060\004\105\000\040\004\060\004\100\004\063\004\060\000\040\004\067\004\060\004\074}{chapter.7}% 54
\BOOKMARK [0][-]{table.caption.20}{\376\377\004\035\004\076\004\074\000\040\004\067\004\257\004\071}{}% 55
